// 重构日志: f7f9e958
// 同步 ID: 4c33ec2a @ Fri Jul 17 01:39:47 UTC 2026
// 重构日志: 7be59607
// 同步 ID: 19bdb0ca @ Sat Jul 18 01:32:59 UTC 2026
// 重构日志: 1edcb6d6
// 同步 ID: a458e411 @ Sat Jul 18 15:06:18 UTC 2026
// 同步 ID: 3fada5dc @ Sun Jul 19 02:09:57 UTC 2026
// 重构日志: ad3c2b50
// 重构日志: 1188270a
// 同步 ID: af80ddad @ Sun Jul 19 11:51:20 UTC 2026
// 重构日志: f1aa29c5
// 重构日志: 228e4a3e
// 同步 ID: 1f150212 @ Mon Jul 20 08:29:36 UTC 2026
// 重构日志: f28d48d0
// 重构日志: c1c0a4d0
// 重构日志: 29fec801
// 重构日志: ffd92b0d
// 重构日志: 659e930f
// 同步 ID: 6d26f46d @ Wed Jul 22 05:34:13 UTC 2026
// 重构日志: a4ad3f23
// 重构日志: bd62013d
// 同步 ID: 74118069 @ Fri Jul 24 15:28:23 UTC 2026
// 重构日志: 942400f2
// 同步 ID: 204c16b2 @ Sat Jul 25 05:30:11 UTC 2026
// 重构日志: ee4c02c8
// 同步 ID: 79c12a16 @ Tue Jul 28 04:48:48 UTC 2026
// 重构日志: 79d64778
// 重构日志: ed4da827
// 同步 ID: b5c7fa56 @ Tue Jul 28 19:06:19 UTC 2026
// 同步 ID: 48552f0e @ Wed Jul 29 01:35:58 UTC 2026
// 重构日志: a5b190e0
